python : Traceback (most recent call last):
At line:1 char:1
+ python brutal_sentinel_test.py > test_output.txt 2>&1; Select-String  ...
+ ~~~~~~~~~~~~~~~~~~~~~~~~~~~~~~~~~~~~~~~~~~~~~~~~~~~~~
    + CategoryInfo          : NotSpecified: (Traceback (most recent call last) 
   ::String) [], RemoteException
    + FullyQualifiedErrorId : NativeCommandError
 
  File "G:\My Drive\NLP\brutal_sentinel_test.py", line 133, in <module>
    section("[A] IMU SENSOR EDGE CASES ù The Physics of Real TN Crashes")
  File "G:\My Drive\NLP\brutal_sentinel_test.py", line 88, in section
    print(f"\n{'\u2550'*78}")
  File "C:\Users\gokul\AppData\Local\Programs\Python\Python310\lib\encodings\cp
1252.py", line 19, in encode
    return codecs.charmap_encode(input,self.errors,encoding_table)[0]
UnicodeEncodeError: 'charmap' codec can't encode characters in position 2-79: 
character maps to <undefined>
